// Jest Snapshot v1, https://goo.gl/fbAQLP

exports[`renders correctly 1`] = `
<div
  aria-atomic="true"
  aria-expanded={true}
  aria-haspopup="listbox"
  aria-live="polite"
  className="box-shadow-default rounded-8 bg-white min-w-320 max-w-400 overflow-hidden"
  tabIndex={0}
>
  <div
    role="option"
    tabIndex={0}
  >
    <div
      className="w-100-percent inline-block no-underline px-16 py-8 cursor-pointer text-charcoal-color-400 hover:bg-primary-color-200"
    >
      <span
        className="flex pl-0"
      >
        Test 1
      </span>
    </div>
  </div>
  <div
    role="option"
    tabIndex={0}
  >
    <div
      className="w-100-percent inline-block no-underline px-16 py-8 cursor-pointer text-charcoal-color-400 hover:bg-primary-color-200"
    >
      <span
        className="flex pl-24"
      >
        Test 1
      </span>
    </div>
  </div>
  <div
    role="option"
    tabIndex={0}
  >
    <div
      className="w-100-percent inline-block no-underline px-16 py-8 cursor-pointer text-charcoal-color-400 hover:bg-primary-color-200"
    >
      <span
        className="flex pl-0"
      >
        Test 3
      </span>
    </div>
  </div>
  <div
    role="option"
    tabIndex={0}
  >
    <div
      className="w-100-percent inline-block no-underline px-16 py-8 cursor-pointer text-charcoal-color-400 hover:bg-primary-color-200"
    >
      <span
        className="flex pl-0"
      >
        Test 4
      </span>
    </div>
  </div>
  <hr
    className="border-0 border-b-1 border-solid border-primary-color-600 mb-8 mt-8"
  />
  <div
    role="option"
    tabIndex={0}
  >
    <div
      className="w-100-percent inline-block no-underline px-16 py-8 cursor-pointer text-charcoal-color-400 hover:bg-primary-color-200"
    >
      <span
        className="flex pl-0"
      >
        Test 5
      </span>
    </div>
  </div>
</div>
`;

exports[`renders correctly 2`] = `<div />`;
